Microchip MPLAB XC8 Compiler V2.45

Linker command line:

-W-3 \
  --edf=C:\Program Files\Microchip\xc8\v2.45\pic\dat\20230818022343_en.msgs \
  -cn -h+dist/default/production\HydroDram.X.production.sym \
  --cmf=dist/default/production\HydroDram.X.production.cmf -z -Q16F18877 \
  -oC:\Users\HUMANOID\AppData\Local\Temp\xcAsouk.\driver_tmp_3.o \
  --defsym=__MPLAB_BUILD=1 --fixupoverflow=error \
  -Mdist/default/production/HydroDram.X.production.map \
  --md=C:\Users\HUMANOID\AppData\Local\Temp\xcAsouk.\driver_tmp_0.dat -E1 \
  -ver=XC8 Compiler --acfsm=1493 -ACODE=00h-07FFhx16 -ASTRCODE=00h-07FFFh \
  -ASTRING=00h-0FFhx128 -ACONST=00h-0FFhx128 -AENTRY=00h-0FFhx128 \
  -ACOMMON=070h-07Fh -ABANK0=020h-06Fh -ABANK1=0A0h-0EFh \
  -ABANK2=0120h-016Fh -ABANK3=01A0h-01EFh -ABANK4=0220h-026Fh \
  -ABANK5=02A0h-02EFh -ABANK6=0320h-036Fh -ABANK7=03A0h-03EFh \
  -ABANK8=0420h-046Fh -ABANK9=04A0h-04EFh -ABANK10=0520h-056Fh \
  -ABANK11=05A0h-05EFh -ABANK12=0620h-066Fh -ABANK13=06A0h-06EFh \
  -ABANK14=0720h-076Fh -ABANK15=07A0h-07EFh -ABANK16=0820h-086Fh \
  -ABANK17=08A0h-08EFh -ABANK18=0920h-096Fh -ABANK19=09A0h-09EFh \
  -ABANK20=0A20h-0A6Fh -ABANK21=0AA0h-0AEFh -ABANK22=0B20h-0B6Fh \
  -ABANK23=0BA0h-0BEFh -ABANK24=0C20h-0C6Fh -ABANK25=0CA0h-0CEFh \
  -ABANK26=0D20h-0D6Fh -ABANK27=0DA0h-0DEFh -ABANK28=0E20h-0E6Fh \
  -ABANK29=0EA0h-0EEFh -ABANK30=0F20h-0F6Fh -ABANK31=0FA0h-0FEFh \
  -ABANK32=01020h-0106Fh -ABANK33=010A0h-010EFh -ABANK34=01120h-0116Fh \
  -ABANK35=011A0h-011EFh -ABANK36=01220h-0126Fh -ABANK37=012A0h-012EFh \
  -ABANK38=01320h-0136Fh -ABANK39=013A0h-013EFh -ABANK40=01420h-0146Fh \
  -ABANK41=014A0h-014EFh -ABANK42=01520h-0156Fh -ABANK43=015A0h-015EFh \
  -ABANK44=01620h-0166Fh -ABANK45=016A0h-016EFh -ABANK46=01720h-0176Fh \
  -ABANK47=017A0h-017EFh -ABANK48=01820h-0186Fh -ABANK49=018A0h-018EFh \
  -ABANK50=01920h-0196Fh -ABIGRAM=02000h-02FEFh \
  -ARAM=020h-06Fh,0A0h-0EFh,0120h-016Fh,01A0h-01EFh,0220h-026Fh,02A0h-02EFh,0320h-036Fh,03A0h-03EFh,0420h-046Fh,04A0h-04EFh,0520h-056Fh,05A0h-05EFh,0620h-066Fh,06A0h-06EFh,0720h-076Fh,07A0h-07EFh,0820h-086Fh,08A0h-08EFh,0920h-096Fh,09A0h-09EFh,0A20h-0A6Fh,0AA0h-0AEFh,0B20h-0B6Fh,0BA0h-0BEFh,0C20h-0C6Fh,0CA0h-0CEFh,0D20h-0D6Fh,0DA0h-0DEFh,0E20h-0E6Fh,0EA0h-0EEFh,0F20h-0F6Fh,0FA0h-0FEFh,01020h-0106Fh,010A0h-010EFh,01120h-0116Fh,011A0h-011EFh,01220h-0126Fh,012A0h-012EFh,01320h-0136Fh,013A0h-013EFh,01420h-0146Fh,014A0h-014EFh,01520h-0156Fh,015A0h-015EFh,01620h-0166Fh,016A0h-016EFh,01720h-0176Fh,017A0h-017EFh,01820h-0186Fh,018A0h-018EFh,01920h-0196Fh \
  -AABS1=020h-07Fh,0A0h-0EFh,0120h-016Fh,01A0h-01EFh,0220h-026Fh,02A0h-02EFh,0320h-036Fh,03A0h-03EFh,0420h-046Fh,04A0h-04EFh,0520h-056Fh,05A0h-05EFh,0620h-066Fh,06A0h-06EFh,0720h-076Fh,07A0h-07EFh,0820h-086Fh,08A0h-08EFh,0920h-096Fh,09A0h-09EFh,0A20h-0A6Fh,0AA0h-0AEFh,0B20h-0B6Fh,0BA0h-0BEFh,0C20h-0C6Fh,0CA0h-0CEFh,0D20h-0D6Fh,0DA0h-0DEFh,0E20h-0E6Fh,0EA0h-0EEFh,0F20h-0F6Fh,0FA0h-0FEFh,01020h-0106Fh,010A0h-010EFh,01120h-0116Fh,011A0h-011EFh,01220h-0126Fh,012A0h-012EFh,01320h-0136Fh,013A0h-013EFh,01420h-0146Fh,014A0h-014EFh,01520h-0156Fh,015A0h-015EFh,01620h-0166Fh,016A0h-016EFh,01720h-0176Fh,017A0h-017EFh,01820h-0186Fh,018A0h-018EFh,01920h-0196Fh \
  -ASFR0=00h-01Fh -ASFR1=080h-09Fh -ASFR2=0100h-011Fh -ASFR3=0180h-019Fh \
  -ASFR4=0200h-021Fh -ASFR5=0280h-029Fh -ASFR6=0300h-031Fh \
  -ASFR7=0380h-039Fh -ASFR8=0400h-041Fh -ASFR9=0480h-049Fh \
  -ASFR10=0500h-051Fh -ASFR11=0580h-059Fh -ASFR12=0600h-061Fh \
  -ASFR13=0680h-069Fh -ASFR14=0700h-071Fh -ASFR15=0780h-079Fh \
  -ASFR16=0800h-081Fh -ASFR17=0880h-089Fh -ASFR18=0900h-091Fh \
  -ASFR19=0980h-099Fh -ASFR20=0A00h-0A1Fh -ASFR21=0A80h-0A9Fh \
  -ASFR22=0B00h-0B1Fh -ASFR23=0B80h-0B9Fh -ASFR24=0C00h-0C1Fh \
  -ASFR25=0C80h-0C9Fh -ASFR26=0D00h-0D1Fh -ASFR27=0D80h-0D9Fh \
  -ASFR28=0E00h-0E1Fh -ASFR29=0E80h-0E9Fh -ASFR30=0F00h-0F1Fh \
  -ASFR31=0F80h-0F9Fh -ASFR32=01000h-0101Fh -ASFR33=01080h-0109Fh \
  -ASFR34=01100h-0111Fh -ASFR35=01180h-0119Fh -ASFR36=01200h-0121Fh \
  -ASFR37=01280h-0129Fh -ASFR38=01300h-0131Fh -ASFR39=01380h-0139Fh \
  -ASFR40=01400h-0141Fh -ASFR41=01480h-0149Fh -ASFR42=01500h-0151Fh \
  -ASFR43=01580h-0159Fh -ASFR44=01600h-0161Fh -ASFR45=01680h-0169Fh \
  -ASFR46=01700h-0171Fh -ASFR47=01780h-0179Fh -ASFR48=01800h-0181Fh \
  -ASFR49=01880h-0189Fh -ASFR50=01900h-0191Fh -ASFR51=01980h-019EFh \
  -ASFR52=01A00h-01A6Fh -ASFR53=01A80h-01AEFh -ASFR54=01B00h-01B6Fh \
  -ASFR55=01B80h-01BEFh -ASFR56=01C00h-01C6Fh -ASFR57=01C80h-01CEFh \
  -ASFR58=01D00h-01D6Fh -ASFR59=01D80h-01DEFh -ASFR60=01E00h-01E6Fh \
  -ASFR61=01E80h-01EEFh -ASFR62=01F00h-01F6Fh -ASFR63=01F80h-01FEFh \
  -ACONFIG=08007h-0800Bh -DCONFIG=2 -AIDLOC=08000h-08003h -DIDLOC=2 \
  -AEEDATA=00h-0FFh/0F000h -peeprom_data=EEDATA -DEEDATA=2 -DCODE=2 \
  -DSTRCODE=2 -DSTRING=2 -DCONST=2 -DENTRY=2 \
  -preset_vec=00h,intentry=04h,init,end_init -ppowerup=CODE -pcinit=CODE \
  -pfunctab=ENTRY -k \
  C:\Users\HUMANOID\AppData\Local\Temp\xcAsouk.\driver_tmp_20.o \
  dist/default/production\HydroDram.X.production.o 

Object code version is 3.11

Machine type is 16F18877



                Name                               Link     Load   Length Selector   Space Scale
C:\Users\HUMANOID\AppData\Local\Temp\xcAsouk.\driver_tmp_20.o
                end_init                            278      278        2        8       0
                reset_vec                             0        0        2        0       0
                config                             8007     8007        5        0       4
                idloc                              8000     8000        4        0       5
dist/default/production\HydroDram.X.production.o
                cinit                               27A      27A       17        8       0
                intentry                              4        4      274        8       0
                config                             8007     8007        5        0       4
                idloc                              8000     8000        4        0       5
                text67                              949      949       60     1292       0
                text66                              8F6      8F6       53     11EC       0
                text65                             111C     111C       11     2238       0
                text64                                3        3        1        6       0
                text63                             1670     1670       50     2CE0       0
                text62                              707      707       EE        8       0
                text61                             1195     1195       1C     232A       0
                text60                             11CD     11CD       1D     239A       0
                text59                             12B6     12B6       26     256C       0
                text58                             113F     113F       14     227E       0
                text57                             11EA     11EA       1F     23D4       0
                text56                             124C     124C       23     2498       0
                text55                             10F0     10F0        E     21E0       0
                text54                              CAC      CAC      1AA     1958       0
                text53                              A18      A18       71     1430       0
                text52                             16C0     16C0       50     2D80       0
                text51                             126F     126F       23     24DE       0
                text50                              4CC      4CC      23B        8       0
                text49                             1443     1443       3E     2886       0
                text48                             117C     117C       19     22F8       0
                text47                             107C     107C        5     20F8       0
                text46                             1153     1153       14     22A6       0
                text45                             1500     1500       48     2A00       0
                text44                             1406     1406       3D     280C       0
                text43                             122A     122A       22     2454       0
                text42                             10FE     10FE        E     21FC       0
                text40                             108C     108C        9     2118       0
                text39                             1095     1095        9     212A       0
                text38                             109E     109E        A     213C       0
                text37                             112D     112D       12     225A       0
                text36                             10C9     10C9        D     2192       0
                text35                             12DC     12DC       2A     25B8       0
                text34                             1167     1167       15     22CE       0
                text33                             1209     1209       21     2412       0
                text32                             13CF     13CF       37     279E       0
                text31                             10A8     10A8        B     2150       0
                text30                             10D6     10D6        D     21AC       0
                text29                             10B3     10B3        B     2166       0
                text28                             10E3     10E3        D     21C6       0
                text27                             110C     110C       10     2218       0
                text26                             1081     1081        5     2102       0
                text25                             11B1     11B1       1C     2362       0
                text24                             1336     1336       31     266C       0
                text23                              9A9      9A9       6F     1352       0
                text22                              E56      E56      1AA     1CAC       0
                text21                              A89      A89       71     1512       0
                text20                             1548     1548       48     2A90       0
                text19                             1590     1590       48     2B20       0
                text18                              8A4      8A4       52     1148       0
                text17                             15D8     15D8       4C     2BB0       0
                text16                             1710     1710       50     2E20       0
                text15                             1760     1760       50     2EC0       0
                text14                              AFA      AFA       A9     15F4       0
                text13                             10BE     10BE        B     217C       0
                text12                             1306     1306       30     260C       0
                text11                             17B0     17B0       50     2F60       0
                text10                              804      804       50     1008       0
                text9                               854      854       50     10A8       0
                text8                              1624     1624       4C     2C48       0
                text7                              1292     1292       24     2524       0
                text6                               291      291      23B        8       0
                text5                              14C0     14C0       40     2980       0
                text4                               BA3      BA3      109     1746       0
                text3                               7F5      7F5        B        8       0
                text2                              1367     1367       32     26CE       0
                text1                              1399     1399       36     2732       0
                maintext                           1481     1481       3F     2902       0
                cstackBANK0                          20       20       2F       20       1
                cstackCOMMON                         70       70        E       70       1
                cstackBANK1                          A0       A0       38       A0       1
                clrtext                            1086     1086        6     210C       0
                bssBANK2                            120      120       20      120       1
                bssBANK1                             D8       D8        2       A0       1
                bssBANK0                             4F       4F       1D       20       1
                stringtext10                       1877     1877        2     3000       0
                stringtext9                        1875     1875        2     3000       0
                stringtext8                        1872     1872        3     3000       0
                stringtext7                        1865     1865        D     3000       0
                stringtext6                        1858     1858        D     3000       0
                stringtext5                        184B     184B        D     3000       0
                stringtext4                        183C     183C        F     3000       0
                stringtext3                        182D     182D        F     3000       0
                stringtext2                        181C     181C       11     3000       0
                stringtext1                        1800     1800       1C     3000       0

TOTAL           Name                               Link     Load   Length     Space
        CLASS   CODE           
                end_init                            278      278        2         0
                cinit                               27A      27A       17         0
                intentry                              4        4      274         0
                reset_vec                             0        0        2         0
                text67                              949      949       60         0
                text66                              8F6      8F6       53         0
                text65                             111C     111C       11         0
                text64                                3        3        1         0
                text63                             1670     1670       50         0
                text62                              707      707       EE         0
                text61                             1195     1195       1C         0
                text60                             11CD     11CD       1D         0
                text59                             12B6     12B6       26         0
                text58                             113F     113F       14         0
                text57                             11EA     11EA       1F         0
                text56                             124C     124C       23         0
                text55                             10F0     10F0        E         0
                text54                              CAC      CAC      1AA         0
                text53                              A18      A18       71         0
                text52                             16C0     16C0       50         0
                text51                             126F     126F       23         0
                text50                              4CC      4CC      23B         0
                text49                             1443     1443       3E         0
                text48                             117C     117C       19         0
                text47                             107C     107C        5         0
                text46                             1153     1153       14         0
                text45                             1500     1500       48         0
                text44                             1406     1406       3D         0
                text43                             122A     122A       22         0
                text42                             10FE     10FE        E         0
                text40                             108C     108C        9         0
                text39                             1095     1095        9         0
                text38                             109E     109E        A         0
                text37                             112D     112D       12         0
                text36                             10C9     10C9        D         0
                text35                             12DC     12DC       2A         0
                text34                             1167     1167       15         0
                text33                             1209     1209       21         0
                text32                             13CF     13CF       37         0
                text31                             10A8     10A8        B         0
                text30                             10D6     10D6        D         0
                text29                             10B3     10B3        B         0
                text28                             10E3     10E3        D         0
                text27                             110C     110C       10         0
                text26                             1081     1081        5         0
                text25                             11B1     11B1       1C         0
                text24                             1336     1336       31         0
                text23                              9A9      9A9       6F         0
                text22                              E56      E56      1AA         0
                text21                              A89      A89       71         0
                text20                             1548     1548       48         0
                text19                             1590     1590       48         0
                text18                              8A4      8A4       52         0
                text17                             15D8     15D8       4C         0
                text16                             1710     1710       50         0
                text15                             1760     1760       50         0
                text14                              AFA      AFA       A9         0
                text13                             10BE     10BE        B         0
                text12                             1306     1306       30         0
                text11                             17B0     17B0       50         0
                text10                              804      804       50         0
                text9                               854      854       50         0
                text8                              1624     1624       4C         0
                text7                              1292     1292       24         0
                text6                               291      291      23B         0
                text5                              14C0     14C0       40         0
                text4                               BA3      BA3      109         0
                text3                               7F5      7F5        B         0
                text2                              1367     1367       32         0
                text1                              1399     1399       36         0
                maintext                           1481     1481       3F         0
                clrtext                            1086     1086        6         0

        CLASS   STRCODE        
                stringtext10                       1877     1877        2         0
                stringtext9                        1875     1875        2         0
                stringtext8                        1872     1872        3         0
                stringtext7                        1865     1865        D         0
                stringtext6                        1858     1858        D         0
                stringtext5                        184B     184B        D         0
                stringtext4                        183C     183C        F         0
                stringtext3                        182D     182D        F         0
                stringtext2                        181C     181C       11         0
                stringtext1                        1800     1800       1C         0

        CLASS   STRING         

        CLASS   CONST          

        CLASS   ENTRY          

        CLASS   COMMON         
                cstackCOMMON                         70       70        E         1

        CLASS   BANK0          
                cstackBANK0                          20       20       2F         1
                bssBANK0                             4F       4F       1D         1

        CLASS   BANK1          
                cstackBANK1                          A0       A0       38         1
                bssBANK1                             D8       D8        2         1

        CLASS   BANK2          
                bssBANK2                            120      120       20         1

        CLASS   BANK3          

        CLASS   BANK4          

        CLASS   BANK5          

        CLASS   BANK6          

        CLASS   BANK7          

        CLASS   BANK8          

        CLASS   BANK9          

        CLASS   BANK10         

        CLASS   BANK11         

        CLASS   BANK12         

        CLASS   BANK13         

        CLASS   BANK14         

        CLASS   BANK15         

        CLASS   BANK16         

        CLASS   BANK17         

        CLASS   BANK18         

        CLASS   BANK19         

        CLASS   BANK20         

        CLASS   BANK21         

        CLASS   BANK22         

        CLASS   BANK23         

        CLASS   BANK24         

        CLASS   BANK25         

        CLASS   BANK26         

        CLASS   BANK27         

        CLASS   BANK28         

        CLASS   BANK29         

        CLASS   BANK30         

        CLASS   BANK31         

        CLASS   BANK32         

        CLASS   BANK33         

        CLASS   BANK34         

        CLASS   BANK35         

        CLASS   BANK36         

        CLASS   BANK37         

        CLASS   BANK38         

        CLASS   BANK39         

        CLASS   BANK40         

        CLASS   BANK41         

        CLASS   BANK42         

        CLASS   BANK43         

        CLASS   BANK44         

        CLASS   BANK45         

        CLASS   BANK46         

        CLASS   BANK47         

        CLASS   BANK48         

        CLASS   BANK49         

        CLASS   BANK50         

        CLASS   BIGRAM         

        CLASS   RAM            

        CLASS   ABS1           
                abs_s1                               7E       7E        2         1

        CLASS   SFR0           

        CLASS   SFR1           

        CLASS   SFR2           

        CLASS   SFR3           

        CLASS   SFR4           

        CLASS   SFR5           

        CLASS   SFR6           

        CLASS   SFR7           

        CLASS   SFR8           

        CLASS   SFR9           

        CLASS   SFR10          

        CLASS   SFR11          

        CLASS   SFR12          

        CLASS   SFR13          

        CLASS   SFR14          

        CLASS   SFR15          

        CLASS   SFR16          

        CLASS   SFR17          

        CLASS   SFR18          

        CLASS   SFR19          

        CLASS   SFR20          

        CLASS   SFR21          

        CLASS   SFR22          

        CLASS   SFR23          

        CLASS   SFR24          

        CLASS   SFR25          

        CLASS   SFR26          

        CLASS   SFR27          

        CLASS   SFR28          

        CLASS   SFR29          

        CLASS   SFR30          

        CLASS   SFR31          

        CLASS   SFR32          

        CLASS   SFR33          

        CLASS   SFR34          

        CLASS   SFR35          

        CLASS   SFR36          

        CLASS   SFR37          

        CLASS   SFR38          

        CLASS   SFR39          

        CLASS   SFR40          

        CLASS   SFR41          

        CLASS   SFR42          

        CLASS   SFR43          

        CLASS   SFR44          

        CLASS   SFR45          

        CLASS   SFR46          

        CLASS   SFR47          

        CLASS   SFR48          

        CLASS   SFR49          

        CLASS   SFR50          

        CLASS   SFR51          

        CLASS   SFR52          

        CLASS   SFR53          

        CLASS   SFR54          

        CLASS   SFR55          

        CLASS   SFR56          

        CLASS   SFR57          

        CLASS   SFR58          

        CLASS   SFR59          

        CLASS   SFR60          

        CLASS   SFR61          

        CLASS   SFR62          

        CLASS   SFR63          

        CLASS   CONFIG         
                config                             8007     8007        5         4

        CLASS   IDLOC          
                idloc                              8000     8000        4         5

        CLASS   EEDATA         

        CLASS   BANK63         

        CLASS   BANK62         

        CLASS   BANK61         

        CLASS   BANK60         

        CLASS   BANK59         

        CLASS   BANK58         

        CLASS   BANK57         

        CLASS   BANK56         

        CLASS   BANK55         

        CLASS   BANK54         

        CLASS   BANK53         

        CLASS   BANK52         

        CLASS   BANK51         

        CLASS   HEAP           

        CLASS   STACK          



SEGMENTS        Name                           Load    Length   Top    Selector   Space  Class     Delta

                reset_vec                      000000  000002  000002         0       0  CODE        2
                text64                         000003  000001  000004         6       0  CODE        2
                intentry                       000004  0007FC  000800         8       0  CODE        2
                cstackBANK0                    000020  00004C  00006C        20       1  BANK0       1
                cstackCOMMON                   000070  00000E  00007E        70       1  COMMON      1
                cstackBANK1                    0000A0  00003A  0000DA        A0       1  BANK1       1
                bssBANK2                       000120  000020  000140       120       1  BANK2       1
                text10                         000804  000050  000854      1008       0  CODE        2
                text9                          000854  000050  0008A4      10A8       0  CODE        2
                text18                         0008A4  000052  0008F6      1148       0  CODE        2
                text66                         0008F6  000053  000949      11EC       0  CODE        2
                text67                         000949  000060  0009A9      1292       0  CODE        2
                text23                         0009A9  00006F  000A18      1352       0  CODE        2
                text53                         000A18  000071  000A89      1430       0  CODE        2
                text21                         000A89  000071  000AFA      1512       0  CODE        2
                text14                         000AFA  0000A9  000BA3      15F4       0  CODE        2
                text4                          000BA3  000109  000CAC      1746       0  CODE        2
                text54                         000CAC  0001AA  000E56      1958       0  CODE        2
                text22                         000E56  0001AA  001000      1CAC       0  CODE        2
                text47                         00107C  000005  001081      20F8       0  CODE        2
                text26                         001081  000005  001086      2102       0  CODE        2
                clrtext                        001086  000006  00108C      210C       0  CODE        2
                text40                         00108C  000009  001095      2118       0  CODE        2
                text39                         001095  000009  00109E      212A       0  CODE        2
                text38                         00109E  00000A  0010A8      213C       0  CODE        2
                text31                         0010A8  00000B  0010B3      2150       0  CODE        2
                text29                         0010B3  00000B  0010BE      2166       0  CODE        2
                text13                         0010BE  00000B  0010C9      217C       0  CODE        2
                text36                         0010C9  00000D  0010D6      2192       0  CODE        2
                text30                         0010D6  00000D  0010E3      21AC       0  CODE        2
                text28                         0010E3  00000D  0010F0      21C6       0  CODE        2
                text55                         0010F0  00000E  0010FE      21E0       0  CODE        2
                text42                         0010FE  00000E  00110C      21FC       0  CODE        2
                text27                         00110C  000010  00111C      2218       0  CODE        2
                text65                         00111C  000011  00112D      2238       0  CODE        2
                text37                         00112D  000012  00113F      225A       0  CODE        2
                text58                         00113F  000014  001153      227E       0  CODE        2
                text46                         001153  000014  001167      22A6       0  CODE        2
                text34                         001167  000015  00117C      22CE       0  CODE        2
                text48                         00117C  000019  001195      22F8       0  CODE        2
                text61                         001195  00001C  0011B1      232A       0  CODE        2
                text25                         0011B1  00001C  0011CD      2362       0  CODE        2
                text60                         0011CD  00001D  0011EA      239A       0  CODE        2
                text57                         0011EA  00001F  001209      23D4       0  CODE        2
                text33                         001209  000021  00122A      2412       0  CODE        2
                text43                         00122A  000022  00124C      2454       0  CODE        2
                text56                         00124C  000023  00126F      2498       0  CODE        2
                text51                         00126F  000023  001292      24DE       0  CODE        2
                text7                          001292  000024  0012B6      2524       0  CODE        2
                text59                         0012B6  000026  0012DC      256C       0  CODE        2
                text35                         0012DC  00002A  001306      25B8       0  CODE        2
                text12                         001306  000030  001336      260C       0  CODE        2
                text24                         001336  000031  001367      266C       0  CODE        2
                text2                          001367  000032  001399      26CE       0  CODE        2
                text1                          001399  000036  0013CF      2732       0  CODE        2
                text32                         0013CF  000037  001406      279E       0  CODE        2
                text44                         001406  00003D  001443      280C       0  CODE        2
                text49                         001443  00003E  001481      2886       0  CODE        2
                maintext                       001481  00003F  0014C0      2902       0  CODE        2
                text5                          0014C0  000040  001500      2980       0  CODE        2
                text45                         001500  000048  001548      2A00       0  CODE        2
                text20                         001548  000048  001590      2A90       0  CODE        2
                text19                         001590  000048  0015D8      2B20       0  CODE        2
                text17                         0015D8  00004C  001624      2BB0       0  CODE        2
                text8                          001624  00004C  001670      2C48       0  CODE        2
                text63                         001670  000050  0016C0      2CE0       0  CODE        2
                text52                         0016C0  000050  001710      2D80       0  CODE        2
                text16                         001710  000050  001760      2E20       0  CODE        2
                text15                         001760  000050  0017B0      2EC0       0  CODE        2
                text11                         0017B0  000050  001800      2F60       0  CODE        2
                stringtext1                    001800  000079  001879      3000       0  STRCODE     2


UNUSED ADDRESS RANGES

        Name                Unused          Largest block    Delta
        BANK0            0006C-0006F               4           1
        BANK1            000DA-000EF              16           1
        BANK10           00520-0056F              50           1
        BANK11           005A0-005EF              50           1
        BANK12           00620-0066F              50           1
        BANK13           006A0-006EF              50           1
        BANK14           00720-0076F              50           1
        BANK15           007A0-007EF              50           1
        BANK16           00820-0086F              50           1
        BANK17           008A0-008EF              50           1
        BANK18           00920-0096F              50           1
        BANK19           009A0-009EF              50           1
        BANK2            00140-0016F              30           1
        BANK20           00A20-00A6F              50           1
        BANK21           00AA0-00AEF              50           1
        BANK22           00B20-00B6F              50           1
        BANK23           00BA0-00BEF              50           1
        BANK24           00C20-00C6F              50           1
        BANK25           00CA0-00CEF              50           1
        BANK26           00D20-00D6F              50           1
        BANK27           00DA0-00DEF              50           1
        BANK28           00E20-00E6F              50           1
        BANK29           00EA0-00EEF              50           1
        BANK3            001A0-001EF              50           1
        BANK30           00F20-00F6F              50           1
        BANK31           00FA0-00FEF              50           1
        BANK32           01020-0106F              50           1
        BANK33           010A0-010EF              50           1
        BANK34           01120-0116F              50           1
        BANK35           011A0-011EF              50           1
        BANK36           01220-0126F              50           1
        BANK37           012A0-012EF              50           1
        BANK38           01320-0136F              50           1
        BANK39           013A0-013EF              50           1
        BANK4            00220-0026F              50           1
        BANK40           01420-0146F              50           1
        BANK41           014A0-014EF              50           1
        BANK42           01520-0156F              50           1
        BANK43           015A0-015EF              50           1
        BANK44           01620-0166F              50           1
        BANK45           016A0-016EF              50           1
        BANK46           01720-0176F              50           1
        BANK47           017A0-017EF              50           1
        BANK48           01820-0186F              50           1
        BANK49           018A0-018EF              50           1
        BANK5            002A0-002EF              50           1
        BANK50           01920-0196F              50           1
        BANK6            00320-0036F              50           1
        BANK7            003A0-003EF              50           1
        BANK8            00420-0046F              50           1
        BANK9            004A0-004EF              50           1
        BIGRAM           02000-02FEF             FF0           1
        CODE             00002-00002               1           2
                         00800-00803               4
                         01000-0107B              7C
                         01879-07FFF             800
        CONST            00002-00002               1           2
                         00800-00803               4
                         01000-0107B              7C
                         01879-07FFF             100
        EEDATA           0F000-0F0FF             100           2
        ENTRY            00002-00002               1           2
                         00800-00803               4
                         01000-0107B              7C
                         01879-07FFF             100
        RAM              0006C-0006F               4           1
                         000DA-000EF              16
                         00140-0016F              30
                         001A0-001EF              50
                         00220-0026F              50
                         002A0-002EF              50
                         00320-0036F              50
                         003A0-003EF              50
                         00420-0046F              50
                         004A0-004EF              50
                         00520-0056F              50
                         005A0-005EF              50
                         00620-0066F              50
                         006A0-006EF              50
                         00720-0076F              50
                         007A0-007EF              50
                         00820-0086F              50
                         008A0-008EF              50
                         00920-0096F              50
                         009A0-009EF              50
                         00A20-00A6F              50
                         00AA0-00AEF              50
                         00B20-00B6F              50
                         00BA0-00BEF              50
                         00C20-00C6F              50
                         00CA0-00CEF              50
                         00D20-00D6F              50
                         00DA0-00DEF              50
                         00E20-00E6F              50
                         00EA0-00EEF              50
                         00F20-00F6F              50
                         00FA0-00FEF              50
                         01020-0106F              50
                         010A0-010EF              50
                         01120-0116F              50
                         011A0-011EF              50
                         01220-0126F              50
                         012A0-012EF              50
                         01320-0136F              50
                         013A0-013EF              50
                         01420-0146F              50
                         014A0-014EF              50
                         01520-0156F              50
                         015A0-015EF              50
                         01620-0166F              50
                         016A0-016EF              50
                         01720-0176F              50
                         017A0-017EF              50
                         01820-0186F              50
                         018A0-018EF              50
                         01920-0196F              50
        SFR0             00000-0001F              20           1
        SFR1             00080-0009F              20           1
        SFR10            00500-0051F              20           1
        SFR11            00580-0059F              20           1
        SFR12            00600-0061F              20           1
        SFR13            00680-0069F              20           1
        SFR14            00700-0071F              20           1
        SFR15            00780-0079F              20           1
        SFR16            00800-0081F              20           1
        SFR17            00880-0089F              20           1
        SFR18            00900-0091F              20           1
        SFR19            00980-0099F              20           1
        SFR2             00100-0011F              20           1
        SFR20            00A00-00A1F              20           1
        SFR21            00A80-00A9F              20           1
        SFR22            00B00-00B1F              20           1
        SFR23            00B80-00B9F              20           1
        SFR24            00C00-00C1F              20           1
        SFR25            00C80-00C9F              20           1
        SFR26            00D00-00D1F              20           1
        SFR27            00D80-00D9F              20           1
        SFR28            00E00-00E1F              20           1
        SFR29            00E80-00E9F              20           1
        SFR3             00180-0019F              20           1
        SFR30            00F00-00F1F              20           1
        SFR31            00F80-00F9F              20           1
        SFR32            01000-0101F              20           1
        SFR33            01080-0109F              20           1
        SFR34            01100-0111F              20           1
        SFR35            01180-0119F              20           1
        SFR36            01200-0121F              20           1
        SFR37            01280-0129F              20           1
        SFR38            01300-0131F              20           1
        SFR39            01380-0139F              20           1
        SFR4             00200-0021F              20           1
        SFR40            01400-0141F              20           1
        SFR41            01480-0149F              20           1
        SFR42            01500-0151F              20           1
        SFR43            01580-0159F              20           1
        SFR44            01600-0161F              20           1
        SFR45            01680-0169F              20           1
        SFR46            01700-0171F              20           1
        SFR47            01780-0179F              20           1
        SFR48            01800-0181F              20           1
        SFR49            01880-0189F              20           1
        SFR5             00280-0029F              20           1
        SFR50            01900-0191F              20           1
        SFR51            01980-019EF              70           1
        SFR52            01A00-01A6F              70           1
        SFR53            01A80-01AEF              70           1
        SFR54            01B00-01B6F              70           1
        SFR55            01B80-01BEF              70           1
        SFR56            01C00-01C6F              70           1
        SFR57            01C80-01CEF              70           1
        SFR58            01D00-01D6F              70           1
        SFR59            01D80-01DEF              70           1
        SFR6             00300-0031F              20           1
        SFR60            01E00-01E6F              70           1
        SFR61            01E80-01EEF              70           1
        SFR62            01F00-01F6F              70           1
        SFR63            01F80-01FEF              70           1
        SFR7             00380-0039F              20           1
        SFR8             00400-0041F              20           1
        SFR9             00480-0049F              20           1
        STRCODE          00002-00002               1           2
                         00800-00803               4
                         01000-0107B              7C
                         01879-07FFF            6787
        STRING           00002-00002               1           2
                         00800-00803               4
                         01000-0107B              7C
                         01879-07FFF             100

                                  Symbol Table

?__Umul8_16                    cstackBANK1  000A0
?___awdiv                      cstackCOMMON 00077
?___awmod                      cstackCOMMON 00070
?___fldiv                      cstackBANK1  000A0
?___flmul                      cstackBANK1  000A9
?___fltol                      cstackBANK1  000C3
?_abs                          cstackCOMMON 00077
?_sprintf                      cstackBANK0  00038
?_vfprintf                     cstackBANK0  00031
?i1__Umul8_16                  cstackCOMMON 00070
?i1___fldiv                    cstackCOMMON 00070
?i1___flmul                    cstackBANK0  00020
?i1___fltol                    cstackBANK0  00035
A_hi@loopNum                   cstackBANK1  000D2
A_hi@sec                       cstackBANK1  000CD
A_hi@x                         cstackBANK1  000D4
B_hi@loopNum                   cstackBANK1  000D2
B_hi@sec                       cstackBANK1  000CD
B_hi@x                         cstackBANK1  000D4
B_low@loopNum                  cstackBANK1  000D2
B_low@sec                      cstackBANK1  000CD
B_low@x                        cstackBANK1  000D4
C_hi@loopNum                   cstackBANK1  000D2
C_hi@sec                       cstackBANK1  000CD
C_hi@x                         cstackBANK1  000D4
C_low@loopNum                  cstackBANK1  000D2
C_low@sec                      cstackBANK1  000CD
C_low@x                        cstackBANK1  000D4
D@loopNum                      cstackBANK1  000D2
D@sec                          cstackBANK1  000CD
D@x                            cstackBANK1  000D4
E@loopNum                      cstackBANK1  000D2
E@sec                          cstackBANK1  000CD
E@x                            cstackBANK1  000D4
F@loopNum                      cstackBANK1  000D2
F@sec                          cstackBANK1  000CD
F@x                            cstackBANK1  000D4
F_sharp@loopNum                cstackBANK1  000D2
F_sharp@sec                    cstackBANK1  000CD
F_sharp@x                      cstackBANK1  000D4
G@loopNum                      cstackBANK1  000D2
G@sec                          cstackBANK1  000CD
G@x                            cstackBANK1  000D4
LCD_UpdatePower@F12536         bssBANK0     0004F
LCD_UpdatePower@powerLvl_str   cstackBANK0  0004A
LCD_setPos@col                 cstackBANK1  000A2
LCD_setPos@position            cstackBANK1  000A4
LCD_setPos@row                 cstackBANK1  000A3
_ADACQ                         (abs)        0009D
_ADCLK                         (abs)        00098
_ADCON0                        (abs)        00093
_ADCON0bits                    (abs)        00093
_ADPCH                         (abs)        0009E
_ADREF                         (abs)        0009A
_ADRESH                        (abs)        0008D
_ADRESL                        (abs)        0008C
_ANSELA                        (abs)        01F38
_ANSELB                        (abs)        01F43
_ANSELC                        (abs)        01F4E
_ANSELD                        (abs)        01F59
_ANSELE                        (abs)        01F64
_A_hi                          text20       01548
_B_hi                          text19       01590
_B_low                         text18       008A4
_C_hi                          text11       017B0
_C_low                         text10       00804
_D                             text9        00854
_E                             text17       015D8
_F                             text8        01624
_F_sharp                       text16       01710
_G                             text15       01760
_INTCONbits                    (abs)        0000B
_INTPPS                        (abs)        01E90
_IOCBFbits                     (abs)        01F4A
_IOCBNbits                     (abs)        01F49
_IOCBPbits                     (abs)        01F48
_LCD_UpdatePower               text56       0124C
_LCD_setPos                    text34       01167
_PIE0bits                      (abs)        00716
_PIE4bits                      (abs)        0071A
_PIR0bits                      (abs)        0070C
_PIR4bits                      (abs)        00710
_PORTAbits                     (abs)        0000C
_PORTBbits                     (abs)        0000D
_PORTC                         (abs)        0000E
_PORTD                         (abs)        0000F
_PORTEbits                     (abs)        00010
_T0CON0                        (abs)        0001E
_T0CON0bits                    (abs)        0001E
_T0CON1                        (abs)        0001F
_T1CLK                         (abs)        00211
_T1CON                         (abs)        0020E
_T1CONbits                     (abs)        0020E
_T2CLKCON                      (abs)        00290
_T2CON                         (abs)        0028E
_T3CLK                         (abs)        00217
_T3CON                         (abs)        00214
_T3CONbits                     (abs)        00214
_T4CLKCON                      (abs)        00296
_T4CON                         (abs)        00294
_T4CONbits                     (abs)        00294
_T5CLK                         (abs)        0021D
_T5CON                         (abs)        0021A
_T5CONbits                     (abs)        0021A
_TMR0H                         (abs)        0001D
_TMR0L                         (abs)        0001C
_TMR1H                         (abs)        0020D
_TMR1L                         (abs)        0020C
_TMR2                          (abs)        0028C
_TMR3H                         (abs)        00213
_TMR3L                         (abs)        00212
_TMR4                          (abs)        00292
_TMR5H                         (abs)        00219
_TMR5L                         (abs)        00218
_TRISA                         (abs)        00011
_TRISB                         (abs)        00012
_TRISC                         (abs)        00013
_TRISD                         (abs)        00014
_TRISE                         (abs)        00015
__H__absolute__                __absolute__ 00000
__Habs1                        abs1         00000
__Hbank0                       bank0        00000
__Hbank1                       bank1        00000
__Hbank10                      bank10       00000
__Hbank11                      bank11       00000
__Hbank12                      bank12       00000
__Hbank13                      bank13       00000
__Hbank14                      bank14       00000
__Hbank15                      bank15       00000
__Hbank16                      bank16       00000
__Hbank17                      bank17       00000
__Hbank18                      bank18       00000
__Hbank19                      bank19       00000
__Hbank2                       bank2        00000
__Hbank20                      bank20       00000
__Hbank21                      bank21       00000
__Hbank22                      bank22       00000
__Hbank23                      bank23       00000
__Hbank24                      bank24       00000
__Hbank25                      bank25       00000
__Hbank26                      bank26       00000
__Hbank27                      bank27       00000
__Hbank28                      bank28       00000
__Hbank29                      bank29       00000
__Hbank3                       bank3        00000
__Hbank30                      bank30       00000
__Hbank31                      bank31       00000
__Hbank32                      bank32       00000
__Hbank33                      bank33       00000
__Hbank34                      bank34       00000
__Hbank35                      bank35       00000
__Hbank36                      bank36       00000
__Hbank37                      bank37       00000
__Hbank38                      bank38       00000
__Hbank39                      bank39       00000
__Hbank4                       bank4        00000
__Hbank40                      bank40       00000
__Hbank41                      bank41       00000
__Hbank42                      bank42       00000
__Hbank43                      bank43       00000
__Hbank44                      bank44       00000
__Hbank45                      bank45       00000
__Hbank46                      bank46       00000
__Hbank47                      bank47       00000
__Hbank48                      bank48       00000
__Hbank49                      bank49       00000
__Hbank5                       bank5        00000
__Hbank50                      bank50       00000
__Hbank51                      bank51       00000
__Hbank52                      bank52       00000
__Hbank53                      bank53       00000
__Hbank54                      bank54       00000
__Hbank55                      bank55       00000
__Hbank56                      bank56       00000
__Hbank57                      bank57       00000
__Hbank58                      bank58       00000
__Hbank59                      bank59       00000
__Hbank6                       bank6        00000
__Hbank60                      bank60       00000
__Hbank61                      bank61       00000
__Hbank62                      bank62       00000
__Hbank63                      bank63       00000
__Hbank7                       bank7        00000
__Hbank8                       bank8        00000
__Hbank9                       bank9        00000
__Hbigram                      bigram       00000
__HbssBANK0                    bssBANK0     00000
__HbssBANK1                    bssBANK1     00000
__HbssBANK2                    bssBANK2     00000
__Hcinit                       cinit        00291
__Hclrtext                     clrtext      00000
__Hcode                        code         00000
__Hcommon                      common       00000
__Hconfig                      config       0800C
__HcstackBANK0                 cstackBANK0  00000
__HcstackBANK1                 cstackBANK1  00000
__HcstackCOMMON                cstackCOMMON 00000
__Heeprom_data                 eeprom_data  00000
__Hend_init                    end_init     0027A
__Hfunctab                     functab      00000
__Hheap                        heap         00000
__Hidloc                       idloc        08004
__Hinit                        init         00278
__Hintentry                    intentry     00278
__Hmaintext                    maintext     00000
__Hpowerup                     powerup      00000
__Hram                         ram          00000
__Hreset_vec                   reset_vec    00002
__Hsfr0                        sfr0         00000
__Hsfr1                        sfr1         00000
__Hsfr10                       sfr10        00000
__Hsfr11                       sfr11        00000
__Hsfr12                       sfr12        00000
__Hsfr13                       sfr13        00000
__Hsfr14                       sfr14        00000
__Hsfr15                       sfr15        00000
__Hsfr16                       sfr16        00000
__Hsfr17                       sfr17        00000
__Hsfr18                       sfr18        00000
__Hsfr19                       sfr19        00000
__Hsfr2                        sfr2         00000
__Hsfr20                       sfr20        00000
__Hsfr21                       sfr21        00000
__Hsfr22                       sfr22        00000
__Hsfr23                       sfr23        00000
__Hsfr24                       sfr24        00000
__Hsfr25                       sfr25        00000
__Hsfr26                       sfr26        00000
__Hsfr27                       sfr27        00000
__Hsfr28                       sfr28        00000
__Hsfr29                       sfr29        00000
__Hsfr3                        sfr3         00000
__Hsfr30                       sfr30        00000
__Hsfr31                       sfr31        00000
__Hsfr32                       sfr32        00000
__Hsfr33                       sfr33        00000
__Hsfr34                       sfr34        00000
__Hsfr35                       sfr35        00000
__Hsfr36                       sfr36        00000
__Hsfr37                       sfr37        00000
__Hsfr38                       sfr38        00000
__Hsfr39                       sfr39        00000
__Hsfr4                        sfr4         00000
__Hsfr40                       sfr40        00000
__Hsfr41                       sfr41        00000
__Hsfr42                       sfr42        00000
__Hsfr43                       sfr43        00000
__Hsfr44                       sfr44        00000
__Hsfr45                       sfr45        00000
__Hsfr46                       sfr46        00000
__Hsfr47                       sfr47        00000
__Hsfr48                       sfr48        00000
__Hsfr49                       sfr49        00000
__Hsfr5                        sfr5         00000
__Hsfr50                       sfr50        00000
__Hsfr51                       sfr51        00000
__Hsfr52                       sfr52        00000
__Hsfr53                       sfr53        00000
__Hsfr54                       sfr54        00000
__Hsfr55                       sfr55        00000
__Hsfr56                       sfr56        00000
__Hsfr57                       sfr57        00000
__Hsfr58                       sfr58        00000
__Hsfr59                       sfr59        00000
__Hsfr6                        sfr6         00000
__Hsfr60                       sfr60        00000
__Hsfr61                       sfr61        00000
__Hsfr62                       sfr62        00000
__Hsfr63                       sfr63        00000
__Hsfr7                        sfr7         00000
__Hsfr8                        sfr8         00000
__Hsfr9                        sfr9         00000
__Hspace_0                     (abs)        01879
__Hspace_1                     (abs)        00140
__Hspace_2                     (abs)        00000
__Hspace_3                     (abs)        00000
__Hspace_4                     (abs)        10013
__Hstack                       stack        00000
__Hstrings                     strings      00000
__Hstringtext1                 stringtext1  00000
__Hstringtext10                stringtext10 00000
__Hstringtext11                stringtext11 00000
__Hstringtext2                 stringtext2  00000
__Hstringtext3                 stringtext3  00000
__Hstringtext4                 stringtext4  00000
__Hstringtext5                 stringtext5  00000
__Hstringtext6                 stringtext6  00000
__Hstringtext7                 stringtext7  00000
__Hstringtext8                 stringtext8  00000
__Hstringtext9                 stringtext9  00000
__Htext                        text         00000
__L__absolute__                __absolute__ 00000
__Labs1                        abs1         00000
__Lbank0                       bank0        00000
__Lbank1                       bank1        00000
__Lbank10                      bank10       00000
__Lbank11                      bank11       00000
__Lbank12                      bank12       00000
__Lbank13                      bank13       00000
__Lbank14                      bank14       00000
__Lbank15                      bank15       00000
__Lbank16                      bank16       00000
__Lbank17                      bank17       00000
__Lbank18                      bank18       00000
__Lbank19                      bank19       00000
__Lbank2                       bank2        00000
__Lbank20                      bank20       00000
__Lbank21                      bank21       00000
__Lbank22                      bank22       00000
__Lbank23                      bank23       00000
__Lbank24                      bank24       00000
__Lbank25                      bank25       00000
__Lbank26                      bank26       00000
__Lbank27                      bank27       00000
__Lbank28                      bank28       00000
__Lbank29                      bank29       00000
__Lbank3                       bank3        00000
__Lbank30                      bank30       00000
__Lbank31                      bank31       00000
__Lbank32                      bank32       00000
__Lbank33                      bank33       00000
__Lbank34                      bank34       00000
__Lbank35                      bank35       00000
__Lbank36                      bank36       00000
__Lbank37                      bank37       00000
__Lbank38                      bank38       00000
__Lbank39                      bank39       00000
__Lbank4                       bank4        00000
__Lbank40                      bank40       00000
__Lbank41                      bank41       00000
__Lbank42                      bank42       00000
__Lbank43                      bank43       00000
__Lbank44                      bank44       00000
__Lbank45                      bank45       00000
__Lbank46                      bank46       00000
__Lbank47                      bank47       00000
__Lbank48                      bank48       00000
__Lbank49                      bank49       00000
__Lbank5                       bank5        00000
__Lbank50                      bank50       00000
__Lbank51                      bank51       00000
__Lbank52                      bank52       00000
__Lbank53                      bank53       00000
__Lbank54                      bank54       00000
__Lbank55                      bank55       00000
__Lbank56                      bank56       00000
__Lbank57                      bank57       00000
__Lbank58                      bank58       00000
__Lbank59                      bank59       00000
__Lbank6                       bank6        00000
__Lbank60                      bank60       00000
__Lbank61                      bank61       00000
__Lbank62                      bank62       00000
__Lbank63                      bank63       00000
__Lbank7                       bank7        00000
__Lbank8                       bank8        00000
__Lbank9                       bank9        00000
__Lbigram                      bigram       00000
__LbssBANK0                    bssBANK0     00000
__LbssBANK1                    bssBANK1     00000
__LbssBANK2                    bssBANK2     00000
__Lcinit                       cinit        0027A
__Lclrtext                     clrtext      00000
__Lcode                        code         00000
__Lcommon                      common       00000
__Lconfig                      config       00000
__LcstackBANK0                 cstackBANK0  00000
__LcstackBANK1                 cstackBANK1  00000
__LcstackCOMMON                cstackCOMMON 00000
__Leeprom_data                 eeprom_data  00000
__Lend_init                    end_init     00278
__Lfunctab                     functab      00000
__Lheap                        heap         00000
__Lidloc                       idloc        00000
__Linit                        init         00278
__Lintentry                    intentry     00004
__Lmaintext                    maintext     00000
__Lpowerup                     powerup      00000
__Lram                         ram          00000
__Lreset_vec                   reset_vec    00000
__Lsfr0                        sfr0         00000
__Lsfr1                        sfr1         00000
__Lsfr10                       sfr10        00000
__Lsfr11                       sfr11        00000
__Lsfr12                       sfr12        00000
__Lsfr13                       sfr13        00000
__Lsfr14                       sfr14        00000
__Lsfr15                       sfr15        00000
__Lsfr16                       sfr16        00000
__Lsfr17                       sfr17        00000
__Lsfr18                       sfr18        00000
__Lsfr19                       sfr19        00000
__Lsfr2                        sfr2         00000
__Lsfr20                       sfr20        00000
__Lsfr21                       sfr21        00000
__Lsfr22                       sfr22        00000
__Lsfr23                       sfr23        00000
__Lsfr24                       sfr24        00000
__Lsfr25                       sfr25        00000
__Lsfr26                       sfr26        00000
__Lsfr27                       sfr27        00000
__Lsfr28                       sfr28        00000
__Lsfr29                       sfr29        00000
__Lsfr3                        sfr3         00000
__Lsfr30                       sfr30        00000
__Lsfr31                       sfr31        00000
__Lsfr32                       sfr32        00000
__Lsfr33                       sfr33        00000
__Lsfr34                       sfr34        00000
__Lsfr35                       sfr35        00000
__Lsfr36                       sfr36        00000
__Lsfr37                       sfr37        00000
__Lsfr38                       sfr38        00000
__Lsfr39                       sfr39        00000
__Lsfr4                        sfr4         00000
__Lsfr40                       sfr40        00000
__Lsfr41                       sfr41        00000
__Lsfr42                       sfr42        00000
__Lsfr43                       sfr43        00000
__Lsfr44                       sfr44        00000
__Lsfr45                       sfr45        00000
__Lsfr46                       sfr46        00000
__Lsfr47                       sfr47        00000
__Lsfr48                       sfr48        00000
__Lsfr49                       sfr49        00000
__Lsfr5                        sfr5         00000
__Lsfr50                       sfr50        00000
__Lsfr51                       sfr51        00000
__Lsfr52                       sfr52        00000
__Lsfr53                       sfr53        00000
__Lsfr54                       sfr54        00000
__Lsfr55                       sfr55        00000
__Lsfr56                       sfr56        00000
__Lsfr57                       sfr57        00000
__Lsfr58                       sfr58        00000
__Lsfr59                       sfr59        00000
__Lsfr6                        sfr6         00000
__Lsfr60                       sfr60        00000
__Lsfr61                       sfr61        00000
__Lsfr62                       sfr62        00000
__Lsfr63                       sfr63        00000
__Lsfr7                        sfr7         00000
__Lsfr8                        sfr8         00000
__Lsfr9                        sfr9         00000
__Lspace_0                     (abs)        00000
__Lspace_1                     (abs)        00000
__Lspace_2                     (abs)        00000
__Lspace_3                     (abs)        00000
__Lspace_4                     (abs)        00000
__Lstack                       stack        00000
__Lstrings                     strings      00000
__Lstringtext1                 stringtext1  00000
__Lstringtext10                stringtext10 00000
__Lstringtext11                stringtext11 00000
__Lstringtext2                 stringtext2  00000
__Lstringtext3                 stringtext3  00000
__Lstringtext4                 stringtext4  00000
__Lstringtext5                 stringtext5  00000
__Lstringtext6                 stringtext6  00000
__Lstringtext7                 stringtext7  00000
__Lstringtext8                 stringtext8  00000
__Lstringtext9                 stringtext9  00000
__Ltext                        text         00000
__S0                           (abs)        01879
__S1                           (abs)        00140
__S3                           (abs)        00000
__Umul8_16                     text7        01292
__Umul8_16@multiplicand        cstackBANK1  000A0
__Umul8_16@multiplier          cstackBANK1  000A8
__Umul8_16@product             cstackBANK1  000A4
__Umul8_16@word_mpld           cstackBANK1  000A6
___awdiv                       text67       00949
___awdiv@counter               cstackBANK0  00020
___awdiv@dividend              cstackCOMMON 00079
___awdiv@divisor               cstackCOMMON 00077
___awdiv@quotient              cstackBANK0  00022
___awdiv@sign                  cstackBANK0  00021
___awmod                       text66       008F6
___awmod@counter               cstackCOMMON 00075
___awmod@dividend              cstackCOMMON 00072
___awmod@divisor               cstackCOMMON 00070
___awmod@sign                  cstackCOMMON 00076
___fldiv                       text22       00E56
___fldiv@a                     cstackBANK1  000A0
___fldiv@aexp                  cstackBANK1  000B9
___fldiv@b                     cstackBANK1  000A4
___fldiv@bexp                  cstackBANK1  000B8
___fldiv@grs                   cstackBANK1  000B4
___fldiv@new_exp               cstackBANK1  000B2
___fldiv@rem                   cstackBANK1  000AD
___fldiv@sign                  cstackBANK1  000B1
___flmul                       text6        00291
___flmul@a                     cstackBANK1  000AD
___flmul@aexp                  cstackBANK1  000BB
___flmul@b                     cstackBANK1  000A9
___flmul@bexp                  cstackBANK1  000BC
___flmul@grs                   cstackBANK1  000B7
___flmul@prod                  cstackBANK1  000BD
___flmul@sign                  cstackBANK1  000B6
___flmul@temp                  cstackBANK1  000C1
___fltol                       text21       00A89
___fltol@exp1                  cstackBANK1  000CC
___fltol@f1                    cstackBANK1  000C3
___fltol@sign1                 cstackBANK1  000CB
___heap_hi                     (abs)        00000
___heap_lo                     (abs)        00000
___int_sp                      stack        00000
___int_stack_hi                stack        00000
___int_stack_lo                stack        00000
___latbits                     (abs)        00004
___sp                          stack        00000
___stack_hi                    stack        00000
___stack_lo                    stack        00000
___stackhi                     (abs)        00000
___stacklo                     (abs)        00000
__end_of_A_hi                  text20       01590
__end_of_B_hi                  text19       015D8
__end_of_B_low                 text18       008F6
__end_of_C_hi                  text11       01800
__end_of_C_low                 text10       00854
__end_of_D                     text9        008A4
__end_of_E                     text17       01624
__end_of_F                     text8        01670
__end_of_F_sharp               text16       01760
__end_of_G                     text15       017B0
__end_of_LCD_UpdatePower       text56       0126F
__end_of_LCD_setPos            text34       0117C
__end_of__Umul8_16             text7        012B6
__end_of___awdiv               text67       009A9
__end_of___awmod               text66       00949
__end_of___fldiv               text22       01000
__end_of___flmul               text6        004CC
__end_of___fltol               text21       00AFA
__end_of__initialization       cinit        0028D
__end_of_abs                   text65       0112D
__end_of_clearBtmLCD           text55       010FE
__end_of_clearTopLCD           text27       0111C
__end_of_closeBuzzer           text14       00BA3
__end_of_closeGate             text12       01336
__end_of_closeLED              text13       010C9
__end_of_custom_delayLED       text25       011CD
__end_of_emergencyBuzzer       text48       01195
__end_of_emergency_LED         text47       01081
__end_of_fputc                 text63       016C0
__end_of_get_waterLvl          text46       01167
__end_of_initADC               text40       01095
__end_of_initExtint_RB1        text39       0109E
__end_of_initIOC_RB4           text38       010A8
__end_of_initSysPins           text37       0113F
__end_of_initTimer0_ADC        text36       010D6
__end_of_initTimer1_LCD        text32       01406
__end_of_initTimer2_sevseg     text31       010B3
__end_of_initTimer3_gateClose  text30       010E3
__end_of_initTimer4_drainWater text29       010BE
__end_of_initTimer5_LED        text28       010F0
__end_of_isr                   intentry     00278
__end_of_main                  maintext     014C0
__end_of_msgLCD                text33       0122A
__end_of_norm_protocol         text23       00A18
__end_of_offLED                text26       01086
__end_of_openBuzzer            text4        00CAC
__end_of_openGate              text2        01399
__end_of_openLED               text3        00800
__end_of_powerONLED            text24       01367
__end_of_putch                 text64       00004
__end_of_resumeBuzzer          text44       01443
__end_of_segTable              stringtext1  0180B
__end_of_sendLCD               text35       01306
__end_of_sevOff                text43       0124C
__end_of_space                 text5        01500
__end_of_sprintf               text60       011EA
__end_of_startLCD              text1        013CF
__end_of_vfpfcnvrt             text62       007F5
__end_of_vfprintf              text61       011B1
__end_ofi1_B_hi                text45       01548
__end_ofi1_F_sharp             text52       01710
__end_ofi1_LCD_setPos          text58       01153
__end_ofi1__Umul8_16           text51       01292
__end_ofi1___fldiv             text54       00E56
__end_ofi1___flmul             text50       00707
__end_ofi1___fltol             text53       00A89
__end_ofi1_clearTopLCD         text42       0110C
__end_ofi1_msgLCD              text57       01209
__end_ofi1_sendLCD             text59       012DC
__end_ofi1_space               text49       01481
__initialization               cinit        0027A
__pbssBANK0                    bssBANK0     0004F
__pbssBANK1                    bssBANK1     000D8
__pbssBANK2                    bssBANK2     00120
__pcstackBANK0                 cstackBANK0  00020
__pcstackBANK1                 cstackBANK1  000A0
__pcstackCOMMON                cstackCOMMON 00070
__pintentry                    intentry     00004
__pmaintext                    maintext     01481
__pstringtext1                 stringtext1  01800
__pstringtext10                stringtext10 01877
__pstringtext11                stringtext11 00000
__pstringtext2                 stringtext2  0181C
__pstringtext3                 stringtext3  0182D
__pstringtext4                 stringtext4  0183C
__pstringtext5                 stringtext5  0184B
__pstringtext6                 stringtext6  01858
__pstringtext7                 stringtext7  01865
__pstringtext8                 stringtext8  01872
__pstringtext9                 stringtext9  01875
__ptext1                       text1        01399
__ptext10                      text10       00804
__ptext11                      text11       017B0
__ptext12                      text12       01306
__ptext13                      text13       010BE
__ptext14                      text14       00AFA
__ptext15                      text15       01760
__ptext16                      text16       01710
__ptext17                      text17       015D8
__ptext18                      text18       008A4
__ptext19                      text19       01590
__ptext2                       text2        01367
__ptext20                      text20       01548
__ptext21                      text21       00A89
__ptext22                      text22       00E56
__ptext23                      text23       009A9
__ptext24                      text24       01336
__ptext25                      text25       011B1
__ptext26                      text26       01081
__ptext27                      text27       0110C
__ptext28                      text28       010E3
__ptext29                      text29       010B3
__ptext3                       text3        007F5
__ptext30                      text30       010D6
__ptext31                      text31       010A8
__ptext32                      text32       013CF
__ptext33                      text33       01209
__ptext34                      text34       01167
__ptext35                      text35       012DC
__ptext36                      text36       010C9
__ptext37                      text37       0112D
__ptext38                      text38       0109E
__ptext39                      text39       01095
__ptext4                       text4        00BA3
__ptext40                      text40       0108C
__ptext42                      text42       010FE
__ptext43                      text43       0122A
__ptext44                      text44       01406
__ptext45                      text45       01500
__ptext46                      text46       01153
__ptext47                      text47       0107C
__ptext48                      text48       0117C
__ptext49                      text49       01443
__ptext5                       text5        014C0
__ptext50                      text50       004CC
__ptext51                      text51       0126F
__ptext52                      text52       016C0
__ptext53                      text53       00A18
__ptext54                      text54       00CAC
__ptext55                      text55       010F0
__ptext56                      text56       0124C
__ptext57                      text57       011EA
__ptext58                      text58       0113F
__ptext59                      text59       012B6
__ptext6                       text6        00291
__ptext60                      text60       011CD
__ptext61                      text61       01195
__ptext62                      text62       00707
__ptext63                      text63       01670
__ptext64                      text64       00003
__ptext65                      text65       0111C
__ptext66                      text66       008F6
__ptext67                      text67       00949
__ptext7                       text7        01292
__ptext8                       text8        01624
__ptext9                       text9        00854
_abs                           text65       0111C
_clearBtmLCD                   text55       010F0
_clearTopLCD                   text27       0110C
_closeBuzzer                   text14       00AFA
_closeGate                     text12       01306
_closeLED                      text13       010BE
_closeLED_status               bssBANK0     0005D
_custom_delayLED               text25       011B1
_dbuf                          bssBANK2     00120
_dig0                          bssBANK0     00067
_dig1                          bssBANK0     00065
_dig2                          bssBANK0     00063
_dig3                          bssBANK0     00061
_emergencyBuzzer               text48       0117C
_emergency_LED                 text47       0107C
_flags                         bssBANK0     0006B
_fputc                         text63       01670
_gate_count                    bssBANK0     00059
_get_waterLvl                  text46       01153
_initADC                       text40       0108C
_initExtint_RB1                text39       01095
_initIOC_RB4                   text38       0109E
_initSysPins                   text37       0112D
_initTimer0_ADC                text36       010C9
_initTimer1_LCD                text32       013CF
_initTimer2_sevseg             text31       010A8
_initTimer3_gateClose          text30       010D6
_initTimer4_drainWater         text29       010B3
_initTimer5_LED                text28       010E3
_isr                           intentry     00004
_main                          maintext     01481
_msgLCD                        text33       01209
_norm_protocol                 text23       009A9
_offLED                        text26       01081
_openBuzzer                    text4        00BA3
_openGate                      text2        01367
_openLED                       text3        007F5
_openLED_status                bssBANK0     0005F
_powerLvl                      bssBANK0     00069
_powerONLED                    text24       01336
_power_count                   bssBANK0     0005B
_prec                          bssBANK0     00055
_putch                         text64       00003
_resumeBuzzer                  text44       01406
_segTable                      stringtext1  01800
_sendLCD                       text35       012DC
_sevOff                        text43       0122A
_sev_sg_count                  bssBANK0     00057
_space                         text5        014C0
_sprintf                       text60       011CD
_startLCD                      text1        01399
_vfpfcnvrt                     text62       00707
_vfprintf                      text61       01195
_waterLvl                      bssBANK1     000D8
_width                         bssBANK0     00053
abs@a                          cstackCOMMON 00077
btemp                          (abs)        0007E
clear_ram0                     clrtext      01086
custom_delayLED@i              cstackBANK1  000A3
custom_delayLED@rep            cstackBANK1  000A0
end_of_initialization          cinit        0028D
fputc@c                        cstackCOMMON 00070
fputc@fp                       cstackCOMMON 00072
i1B_hi@loopNum                 cstackBANK0  00044
i1B_hi@sec                     cstackBANK0  0003F
i1B_hi@x                       cstackBANK0  00046
i1F_sharp@loopNum              cstackBANK0  00044
i1F_sharp@sec                  cstackBANK0  0003F
i1F_sharp@x                    cstackBANK0  00046
i1LCD_setPos@col               cstackCOMMON 00072
i1LCD_setPos@position          cstackCOMMON 00074
i1LCD_setPos@row               cstackCOMMON 00073
i1_B_hi                        text45       01500
i1_F_sharp                     text52       016C0
i1_LCD_setPos                  text58       0113F
i1__Umul8_16                   text51       0126F
i1__Umul8_16@multiplicand      cstackCOMMON 00070
i1__Umul8_16@multiplier        cstackCOMMON 00078
i1__Umul8_16@product           cstackCOMMON 00074
i1__Umul8_16@word_mpld         cstackCOMMON 00076
i1___fldiv                     text54       00CAC
i1___fldiv@a                   cstackCOMMON 00070
i1___fldiv@aexp                cstackBANK0  0002C
i1___fldiv@b                   cstackCOMMON 00074
i1___fldiv@bexp                cstackBANK0  0002B
i1___fldiv@grs                 cstackBANK0  00027
i1___fldiv@new_exp             cstackBANK0  00025
i1___fldiv@rem                 cstackBANK0  00020
i1___fldiv@sign                cstackBANK0  00024
i1___flmul                     text50       004CC
i1___flmul@a                   cstackBANK0  00024
i1___flmul@aexp                cstackBANK0  0002D
i1___flmul@b                   cstackBANK0  00020
i1___flmul@bexp                cstackBANK0  0002E
i1___flmul@grs                 cstackBANK0  00029
i1___flmul@prod                cstackBANK0  0002F
i1___flmul@sign                cstackBANK0  00028
i1___flmul@temp                cstackBANK0  00033
i1___fltol                     text53       00A18
i1___fltol@exp1                cstackBANK0  0003E
i1___fltol@f1                  cstackBANK0  00035
i1___fltol@sign1               cstackBANK0  0003D
i1_clearTopLCD                 text42       010FE
i1_msgLCD                      text57       011EA
i1_sendLCD                     text59       012B6
i1_space                       text49       01443
i1msgLCD@i                     cstackCOMMON 00075
i1msgLCD@msg                   cstackCOMMON 00072
i1sendLCD@data                 cstackCOMMON 00071
i1sendLCD@regSel               cstackCOMMON 00070
i1space@loopNum                cstackBANK0  00044
i1space@sec                    cstackBANK0  0003F
i1space@x                      cstackBANK0  00046
int$flags                      (abs)        0007E
intlevel0                      functab      00000
intlevel1                      functab      00000
intlevel2                      functab      00000
intlevel3                      functab      00000
intlevel4                      functab      00000
intlevel5                      functab      00000
msgLCD@i                       cstackBANK1  000A5
msgLCD@msg                     cstackBANK1  000A2
powerONLED@time                cstackBANK1  000A5
reset_vec                      reset_vec    00000
sendLCD@data                   cstackBANK1  000A1
sendLCD@regSel                 cstackBANK1  000A0
space@loopNum                  cstackBANK1  000D2
space@sec                      cstackBANK1  000CD
space@x                        cstackBANK1  000D4
sprintf@ap                     cstackBANK0  0003D
sprintf@f                      cstackBANK0  0003F
sprintf@fmt                    cstackBANK0  00038
sprintf@s                      cstackBANK0  0003E
start                          init         00278
start_initialization           cinit        0027A
vfpfcnvrt@ap                   cstackCOMMON 0007D
vfpfcnvrt@c                    cstackBANK0  00030
vfpfcnvrt@convarg              cstackBANK0  0002C
vfpfcnvrt@cp                   cstackBANK0  0002A
vfpfcnvrt@done                 cstackBANK0  00028
vfpfcnvrt@fmt                  cstackCOMMON 0007C
vfpfcnvrt@fp                   cstackBANK0  00029
vfprintf@ap                    cstackBANK0  00033
vfprintf@cfmt                  cstackBANK0  00036
vfprintf@fmt                   cstackBANK0  00031
vfprintf@fp                    cstackBANK0  00035
wtemp0                         (abs)        0007E


MODULE INFORMATION

Module		Function		Class		Link	Load	Size
timers.c
		_initTimer4_drainWater		CODE           	10B3	0000	11
		_initTimer3_gateClose		CODE           	10D6	0000	13
		_initTimer0_ADC		CODE           	10C9	0000	13
		_initTimer1_LCD		CODE           	13CF	0000	55
		_initTimer5_LED		CODE           	10E3	0000	13
		_initTimer2_sevseg		CODE           	10A8	0000	11

timers.c estimated size: 116

sev_seg.c
		_sevOff        		CODE           	122A	0000	34

sev_seg.c estimated size: 34

buzzer.c
		_openBuzzer    		CODE           	0BA3	0000	265
		_A_hi          		CODE           	1548	0000	72
		_B_hi          		CODE           	1590	0000	72
		_C_hi          		CODE           	17B0	0000	80
		_emergencyBuzzer		CODE           	117C	0000	25
		_resumeBuzzer  		CODE           	1406	0000	61
		_B_low         		CODE           	08A4	0000	82
		_C_low         		CODE           	0804	0000	80
		_F_sharp       		CODE           	1710	0000	80
		_closeBuzzer   		CODE           	0AFA	0000	169
		_space         		CODE           	14C0	0000	64
		_D             		CODE           	0854	0000	80
		_E             		CODE           	15D8	0000	76
		_F             		CODE           	1624	0000	76
		_G             		CODE           	1760	0000	80

buzzer.c estimated size: 1362

C:\Program Files\Microchip\xc8\v2.45\pic\sources\c99\common\sprcmul.c
		___flmul       		CODE           	0291	0000	571

C:\Program Files\Microchip\xc8\v2.45\pic\sources\c99\common\sprcmul.c estimated size: 571

adc.c
		_get_waterLvl  		CODE           	1153	0000	20
		_initADC       		CODE           	108C	0000	9

adc.c estimated size: 29

C:\Program Files\Microchip\xc8\v2.45\pic\sources\c99\common\sprcdiv.c
		___fldiv       		CODE           	0E56	0000	426

C:\Program Files\Microchip\xc8\v2.45\pic\sources\c99\common\sprcdiv.c estimated size: 426

C:\Program Files\Microchip\xc8\v2.45\pic\sources\c99\common\nf_sprintf.c
		_sprintf       		CODE           	11CD	0000	29

C:\Program Files\Microchip\xc8\v2.45\pic\sources\c99\common\nf_sprintf.c estimated size: 29

C:\Program Files\Microchip\xc8\v2.45\pic\sources\c99\common\awmod.c
		___awmod       		CODE           	08F6	0000	83

C:\Program Files\Microchip\xc8\v2.45\pic\sources\c99\common\awmod.c estimated size: 83

isr.c
		_initExtint_RB1		CODE           	1095	0000	9
		_isr           		CODE           	0004	0000	628
		_initIOC_RB4   		CODE           	109E	0000	10

isr.c estimated size: 647

C:\Program Files\Microchip\xc8\v2.45\pic\sources\c99\common\putch.c
		_putch         		CODE           	0003	0000	1

C:\Program Files\Microchip\xc8\v2.45\pic\sources\c99\common\putch.c estimated size: 1

shared
		i1_F_sharp     		CODE           	16C0	0000	80
		i1_msgLCD      		CODE           	11EA	0000	31
		i1_LCD_setPos  		CODE           	113F	0000	20
		i1__Umul8_16   		CODE           	126F	0000	35
		i1___fldiv     		CODE           	0CAC	0000	426
		i1___fltol     		CODE           	0A18	0000	113
		i1_space       		CODE           	1443	0000	62
		__initialization		CODE           	027A	0000	19
		i1_clearTopLCD 		CODE           	10FE	0000	14
		i1___flmul     		CODE           	04CC	0000	571
		i1_B_hi        		CODE           	1500	0000	72
		_segTable      		STRCODE        	1800	0000	11
		i1_sendLCD     		CODE           	12B6	0000	38

shared estimated size: 1492

C:\Program Files\Microchip\xc8\v2.45\pic\sources\c99\common\abs.c
		_abs           		CODE           	111C	0000	17

C:\Program Files\Microchip\xc8\v2.45\pic\sources\c99\common\abs.c estimated size: 17

prog_functions.c
		_norm_protocol 		CODE           	09A9	0000	111
		_closeGate     		CODE           	1306	0000	48
		_openGate      		CODE           	1367	0000	50

prog_functions.c estimated size: 209

lcd.c
		_clearTopLCD   		CODE           	110C	0000	16
		_clearBtmLCD   		CODE           	10F0	0000	14
		_msgLCD        		CODE           	1209	0000	33
		_sendLCD       		CODE           	12DC	0000	42
		_LCD_setPos    		CODE           	1167	0000	21
		_LCD_UpdatePower		CODE           	124C	0000	35
		_startLCD      		CODE           	1399	0000	54

lcd.c estimated size: 215

C:\Program Files\Microchip\xc8\v2.45\pic\sources\c99\common\Umul8_16.c
		__Umul8_16     		CODE           	1292	0000	36

C:\Program Files\Microchip\xc8\v2.45\pic\sources\c99\common\Umul8_16.c estimated size: 36

main.c
		_initSysPins   		CODE           	112D	0000	18
		_main          		CODE           	1481	0000	63

main.c estimated size: 81

C:\Program Files\Microchip\xc8\v2.45\pic\sources\c99\common\nf_fputc.c
		_fputc         		CODE           	1670	0000	80

C:\Program Files\Microchip\xc8\v2.45\pic\sources\c99\common\nf_fputc.c estimated size: 80

C:\Program Files\Microchip\xc8\v2.45\pic\sources\c99\common\doprnt.c
		_vfpfcnvrt     		CODE           	0707	0000	238
		_vfprintf      		CODE           	1195	0000	28

C:\Program Files\Microchip\xc8\v2.45\pic\sources\c99\common\doprnt.c estimated size: 266

C:\Program Files\Microchip\xc8\v2.45\pic\sources\c99\common\awdiv.c
		___awdiv       		CODE           	0949	0000	96

C:\Program Files\Microchip\xc8\v2.45\pic\sources\c99\common\awdiv.c estimated size: 96

led.c
		_openLED       		CODE           	07F5	0000	11
		_closeLED      		CODE           	10BE	0000	11
		_offLED        		CODE           	1081	0000	5
		_emergency_LED 		CODE           	107C	0000	5
		_custom_delayLED		CODE           	11B1	0000	28
		_powerONLED    		CODE           	1336	0000	49

led.c estimated size: 109

C:\Program Files\Microchip\xc8\v2.45\pic\sources\c99\common\fltol.c
		___fltol       		CODE           	0A89	0000	113

C:\Program Files\Microchip\xc8\v2.45\pic\sources\c99\common\fltol.c estimated size: 113

